// Jest Snapshot v1, https://goo.gl/fbAQLP

exports[`FusionCharts should render as expected 1`] = `
<View
  style={
    Array [
      undefined,
      Object {
        "height": 300,
        "width": 400,
      },
    ]
  }
>
  <View
    style={
      Object {
        "flex": 1,
      }
    }
  >
    <RCTWebView
      allowsInlineMediaPlayback={undefined}
      automaticallyAdjustContentInsets={true}
      bounces={undefined}
      contentInset={undefined}
      dataDetectorTypes={undefined}
      decelerationRate={undefined}
      injectedJavaScript={undefined}
      mediaPlaybackRequiresUserAction={undefined}
      messagingEnabled={true}
      onLoadingError={[Function]}
      onLoadingFinish={[Function]}
      onLoadingStart={[Function]}
      onMessage={[Function]}
      onShouldStartLoadWithRequest={undefined}
      scalesPageToFit={true}
      scrollEnabled={false}
      source={Object {}}
      style={
        Array [
          Object {
            "flex": 1,
          },
          Object {
            "backgroundColor": "#ffffff",
          },
          Object {
            "backgroundColor": "transparent",
            "flex": 1,
          },
        ]
      }
    />
  </View>
</View>
`;
